// Jest Snapshot v1, https://goo.gl/fbAQLP

exports[`<Div /> Matches snapshot 1`] = `"position: absolute;position: fixed;position: relative;flex: none;flex-direction: row;flex-direction: row-reverse;flex-direction: column;flex-direction: column-reverse;flex-wrap: wrap;justify-content: flex-start;justify-content: flex-end;justify-content: center;justify-content: space-between;justify-content: space-around;justify-content: space-evenly;align-items: flex-start;align-items: flex-end;align-items: center;align-items: baseline;align-items: stretch;align-content: flex-start;align-content: flex-end;align-content: center;align-content: space-between;align-content: space-around;align-content: stretch;align-self: auto;align-self: flex-start;align-self: flex-end;align-self: center;align-self: baseline;align-self: stretch;position: absolute; top: 0; right: 0; bottom: 0; left: 0;display: none;top: top: 1px;;right: right: 1px;;bottom: bottom: 1px;;left: left: 1px;;margin: margin: 1px;;margin-top: margin-top: 1px;;margin-right: margin-right: 1px;;margin-bottom: margin-bottom: 1px;;margin-left: margin-left: 1px;;padding: padding: 1px;;padding-top: padding-top: 1px;;padding-right: padding-right: 1px;;padding-bottom: padding-bottom: 1px;;padding-left: padding-left: 1px;;> *:not(:first-child) { margin-left: > *:not(:first-child) { margin-left: 1px; }; }> *:not(:last-child) { margin-right: > *:not(:last-child) { margin-right: 1px; }; }> *:not(:first-child) { margin-top: > *:not(:first-child) { margin-top: 1px; }; }> *:not(:last-child) { margin-bottom: > *:not(:last-child) { margin-bottom: 1px; }; }cursor: pointer;pointer-events: none;"`;
